Archive member included to satisfy reference by file (symbol)

c:/program files (x86)/gnu arm embedded toolchain/10 2021.10/bin/../lib/gcc/arm-none-eabi/10.3.1/../../../../arm-none-eabi/lib/thumb/v7-m/nofp\libc_nano.a(lib_a-errno.o)
                              build/MCAL/Platform/debug/syscalls_min.o (__errno)
c:/program files (x86)/gnu arm embedded toolchain/10 2021.10/bin/../lib/gcc/arm-none-eabi/10.3.1/../../../../arm-none-eabi/lib/thumb/v7-m/nofp\libc_nano.a(lib_a-impure.o)
                              c:/program files (x86)/gnu arm embedded toolchain/10 2021.10/bin/../lib/gcc/arm-none-eabi/10.3.1/../../../../arm-none-eabi/lib/thumb/v7-m/nofp\libc_nano.a(lib_a-errno.o) (_impure_ptr)
c:/program files (x86)/gnu arm embedded toolchain/10 2021.10/bin/../lib/gcc/arm-none-eabi/10.3.1/thumb/v7-m/nofp\libgcc.a(_arm_muldf3.o)
                              build/IoHwAb/IoHwAb.o (__aeabi_dmul)
c:/program files (x86)/gnu arm embedded toolchain/10 2021.10/bin/../lib/gcc/arm-none-eabi/10.3.1/thumb/v7-m/nofp\libgcc.a(_arm_addsubdf3.o)
                              build/IoHwAb/IoHwAb.o (__aeabi_ui2d)
c:/program files (x86)/gnu arm embedded toolchain/10 2021.10/bin/../lib/gcc/arm-none-eabi/10.3.1/thumb/v7-m/nofp\libgcc.a(_arm_muldivdf3.o)
                              build/IoHwAb/IoHwAb.o (__aeabi_ddiv)
c:/program files (x86)/gnu arm embedded toolchain/10 2021.10/bin/../lib/gcc/arm-none-eabi/10.3.1/thumb/v7-m/nofp\libgcc.a(_arm_fixunsdfsi.o)
                              build/IoHwAb/IoHwAb.o (__aeabi_d2uiz)

Discarded input sections

 .group         0x00000000        0xc build/Config/Adc_Config.o
 .group         0x00000000        0xc build/Config/Adc_Config.o
 .group         0x00000000        0xc build/Config/Adc_Config.o
 .group         0x00000000        0xc build/Config/Adc_Config.o
 .group         0x00000000        0xc build/Config/Adc_Config.o
 .group         0x00000000        0xc build/Config/Adc_Config.o
 .group         0x00000000        0xc build/Config/Adc_Config.o
 .group         0x00000000        0xc build/Config/Adc_Config.o
 .group         0x00000000        0xc build/Config/Adc_Config.o
 .group         0x00000000        0xc build/Config/Adc_Config.o
 .group         0x00000000        0xc build/Config/Adc_Config.o
 .group         0x00000000        0xc build/Config/Adc_Config.o
 .group         0x00000000        0xc build/Config/Adc_Config.o
 .group         0x00000000        0xc build/Config/Adc_Config.o
 .group         0x00000000        0xc build/Config/Adc_Config.o
 .group         0x00000000        0xc build/Config/Adc_Config.o
 .text          0x00000000        0x0 build/Config/Adc_Config.o
 .data          0x00000000        0x0 build/Config/Adc_Config.o
 .bss           0x00000000        0x0 build/Config/Adc_Config.o
 .bss.dataGroup
                0x00000000        0x4 build/Config/Adc_Config.o
 .comment       0x00000000       0x4a build/Config/Adc_Config.o
 .group         0x00000000        0xc build/Config/Port_Config.o
 .group         0x00000000        0xc build/Config/Port_Config.o
 .group         0x00000000        0xc build/Config/Port_Config.o
 .group         0x00000000        0xc build/Config/Port_Config.o
 .group         0x00000000        0xc build/Config/Port_Config.o
 .group         0x00000000        0xc build/Config/Port_Config.o
 .group         0x00000000        0xc build/Config/Port_Config.o
 .group         0x00000000        0xc build/Config/Port_Config.o
 .group         0x00000000        0xc build/Config/Port_Config.o
 .group         0x00000000        0xc build/Config/Port_Config.o
 .group         0x00000000        0xc build/Config/Port_Config.o
 .group         0x00000000        0xc build/Config/Port_Config.o
 .group         0x00000000        0xc build/Config/Port_Config.o
 .group         0x00000000        0xc build/Config/Port_Config.o
 .text          0x00000000        0x0 build/Config/Port_Config.o
 .data          0x00000000        0x0 build/Config/Port_Config.o
 .bss           0x00000000        0x0 build/Config/Port_Config.o
 .debug_macro   0x00000000      0xa78 build/Config/Port_Config.o
 .debug_macro   0x00000000       0x16 build/Config/Port_Config.o
 .debug_macro   0x00000000       0x3a build/Config/Port_Config.o
 .debug_macro   0x00000000       0x57 build/Config/Port_Config.o
 .debug_macro   0x00000000      0x34e build/Config/Port_Config.o
 .debug_macro   0x00000000       0x1c build/Config/Port_Config.o
 .debug_macro   0x00000000       0x22 build/Config/Port_Config.o
 .debug_macro   0x00000000       0xbd build/Config/Port_Config.o
 .debug_macro   0x00000000      0xd00 build/Config/Port_Config.o
 .debug_macro   0x00000000     0x7eb3 build/Config/Port_Config.o
 .debug_macro   0x00000000      0x2a6 build/Config/Port_Config.o
 .debug_macro   0x00000000      0x3e2 build/Config/Port_Config.o
 .debug_macro   0x00000000       0x35 build/Config/Port_Config.o
 .comment       0x00000000       0x4a build/Config/Port_Config.o
 .group         0x00000000        0xc build/Config/Pwm_Config.o
[...]
Memory Configuration

Name             Origin             Length             Attributes
FLASH            0x08000000         0x00010000         xr
RAM              0x20000000         0x00005000         xrw
*default*        0x00000000         0xffffffff

Linker script and memory map

LOAD build/Config/Adc_Config.o
LOAD build/Config/Port_Config.o
LOAD build/Config/Pwm_Config.o
LOAD build/IoHwAb/IoHwAb.o
LOAD build/MCAL/Adc/Adc.o
LOAD build/MCAL/Dio/Dio.o
LOAD build/MCAL/Platform/debug/semihost.o
LOAD build/MCAL/Platform/debug/syscalls_min.o
LOAD build/MCAL/Platform/spl/src/misc.o
LOAD build/MCAL/Platform/spl/src/stm32f10x_adc.o
LOAD build/MCAL/Platform/spl/src/stm32f10x_bkp.o
LOAD build/MCAL/Platform/spl/src/stm32f10x_can.o
LOAD build/MCAL/Platform/spl/src/stm32f10x_cec.o
LOAD build/MCAL/Platform/spl/src/stm32f10x_crc.o
LOAD build/MCAL/Platform/spl/src/stm32f10x_dac.o
LOAD build/MCAL/Platform/spl/src/stm32f10x_dbgmcu.o
LOAD build/MCAL/Platform/spl/src/stm32f10x_dma.o
LOAD build/MCAL/Platform/spl/src/stm32f10x_exti.o
LOAD build/MCAL/Platform/spl/src/stm32f10x_flash.o
LOAD build/MCAL/Platform/spl/src/stm32f10x_fsmc.o
LOAD build/MCAL/Platform/spl/src/stm32f10x_gpio.o
LOAD build/MCAL/Platform/spl/src/stm32f10x_i2c.o
LOAD build/MCAL/Platform/spl/src/stm32f10x_iwdg.o
LOAD build/MCAL/Platform/spl/src/stm32f10x_pwr.o
LOAD build/MCAL/Platform/spl/src/stm32f10x_rcc.o
LOAD build/MCAL/Platform/spl/src/stm32f10x_rtc.o
LOAD build/MCAL/Platform/spl/src/stm32f10x_sdio.o
LOAD build/MCAL/Platform/spl/src/stm32f10x_spi.o
LOAD build/MCAL/Platform/spl/src/stm32f10x_tim.o
LOAD build/MCAL/Platform/spl/src/stm32f10x_usart.o
LOAD build/MCAL/Platform/spl/src/stm32f10x_wwdg.o
LOAD build/MCAL/Platform/spl/src/system_stm32f10x.o
LOAD build/MCAL/Port/Port.o
LOAD build/MCAL/Pwm/Pwm.o
LOAD build/main.o
LOAD build/MCAL/Platform/bsp/startup_stm32f10x_md.o
START GROUP
LOAD c:/program files (x86)/gnu arm embedded toolchain/10 2021.10/bin/../lib/gcc/arm-none-eabi/10.3.1/../../../../arm-none-eabi/lib/thumb/v7-m/nofp\libc_nano.a
LOAD c:/program files (x86)/gnu arm embedded toolchain/10 2021.10/bin/../lib/gcc/arm-none-eabi/10.3.1/../../../../arm-none-eabi/lib/thumb/v7-m/nofp\libm.a
LOAD c:/program files (x86)/gnu arm embedded toolchain/10 2021.10/bin/../lib/gcc/arm-none-eabi/10.3.1/thumb/v7-m/nofp\libgcc.a
END GROUP
                0x20005000                _estack = (ORIGIN (RAM) + LENGTH (RAM))

.isr_vector     0x08000000      0x10c
 *(.isr_vector)
 .isr_vector    0x08000000      0x10c build/MCAL/Platform/bsp/startup_stm32f10x_md.o
                0x08000000                g_pfnVectors

.text           0x08000110     0x2e80
                0x08000110                _stext = .
 *(.text*)
 .text.DMA1_Channel1_IRQHandler
                0x08000110       0x14 build/Config/Adc_Config.o
                0x08000110                DMA1_Channel1_IRQHandler
 .text.IoHwAb_Init
                0x08000124       0x30 build/IoHwAb/IoHwAb.o
                0x08000124                IoHwAb_Init
 *fill*         0x08000154        0x4 
 .text.IoHwAb_ReadTemperature
                0x08000158       0xb0 build/IoHwAb/IoHwAb.o
                0x08000158                IoHwAb_ReadTemperature
 .text.IoHwAb_SetFanDuty
                0x08000208       0x34 build/IoHwAb/IoHwAb.o
                0x08000208                IoHwAb_SetFanDuty
 .text.IoHwAb_SetLed
                0x0800023c       0x2c build/IoHwAb/IoHwAb.o
                0x0800023c                IoHwAb_SetLed
 .text.__NVIC_EnableIRQ
                0x08000268       0x38 build/MCAL/Adc/Adc.o
 .text.Adc_Init
                0x080002a0      0x22c build/MCAL/Adc/Adc.o
                0x080002a0                Adc_Init
 .text.Adc_StartGroupConversion
                0x080004cc      0x338 build/MCAL/Adc/Adc.o
                0x080004cc                Adc_StartGroupConversion
 .text.Adc_ReadGroup
                0x08000804      0x164 build/MCAL/Adc/Adc.o
                0x08000804                Adc_ReadGroup
 .text.Adc_DmaIsrHandler
                0x08000968      0x264 build/MCAL/Adc/Adc.o
                0x08000968                Adc_DmaIsrHandler
 .text.Dio_WriteChannel
                0x08000bcc       0x98 build/MCAL/Dio/Dio.o
                0x08000bcc                Dio_WriteChannel
 .text.NVIC_Init
                0x08000c64       0xc4 build/MCAL/Platform/spl/src/misc.o
                0x08000c64                NVIC_Init
 .text.ADC_Init
                0x08000d28       0xa4 build/MCAL/Platform/spl/src/stm32f10x_adc.o
                0x08000d28                ADC_Init
 .text.ADC_Cmd  0x08000dcc       0x36 build/MCAL/Platform/spl/src/stm32f10x_adc.o
                0x08000dcc                ADC_Cmd
 .text.ADC_DMACmd
                0x08000e02       0x36 build/MCAL/Platform/spl/src/stm32f10x_adc.o
                0x08000e02                ADC_DMACmd
 .text.ADC_ITConfig
                0x08000e38       0x44 build/MCAL/Platform/spl/src/stm32f10x_adc.o
                0x08000e38                ADC_ITConfig
 .text.ADC_ResetCalibration
                0x08000e7c       0x1e build/MCAL/Platform/spl/src/stm32f10x_adc.o
                0x08000e7c                ADC_ResetCalibration
 .text.ADC_GetResetCalibrationStatus
                0x08000e9a       0x2e build/MCAL/Platform/spl/src/stm32f10x_adc.o
                0x08000e9a                ADC_GetResetCalibrationStatus
 .text.ADC_StartCalibration
                0x08000ec8       0x1e build/MCAL/Platform/spl/src/stm32f10x_adc.o
                0x08000ec8                ADC_StartCalibration
 .text.ADC_GetCalibrationStatus
                0x08000ee6       0x2e build/MCAL/Platform/spl/src/stm32f10x_adc.o
                0x08000ee6                ADC_GetCalibrationStatus
 .text.ADC_SoftwareStartConvCmd
                0x08000f14       0x36 build/MCAL/Platform/spl/src/stm32f10x_adc.o
                0x08000f14                ADC_SoftwareStartConvCmd
 .text.ADC_RegularChannelConfig
                0x08000f4a      0x192 build/MCAL/Platform/spl/src/stm32f10x_adc.o
                0x08000f4a                ADC_RegularChannelConfig
 .text.ADC_ExternalTrigConvCmd
                0x080010dc       0x36 build/MCAL/Platform/spl/src/stm32f10x_adc.o
                0x080010dc                ADC_ExternalTrigConvCmd
 .text.ADC_GetConversionValue
                0x08001112       0x18 build/MCAL/Platform/spl/src/stm32f10x_adc.o
                0x08001112                ADC_GetConversionValue
 .text.ADC_GetFlagStatus
                0x0800112a       0x32 build/MCAL/Platform/spl/src/stm32f10x_adc.o
                0x0800112a                ADC_GetFlagStatus
 .text.ADC_ClearFlag
                0x0800115c       0x1e build/MCAL/Platform/spl/src/stm32f10x_adc.o
                0x0800115c                ADC_ClearFlag
 *fill*         0x0800117a        0x2 
 .text.DMA_DeInit
                0x0800117c      0x178 build/MCAL/Platform/spl/src/stm32f10x_dma.o
                0x0800117c                DMA_DeInit
 .text.DMA_Init
                0x080012f4       0x7c build/MCAL/Platform/spl/src/stm32f10x_dma.o
                0x080012f4                DMA_Init
 .text.DMA_Cmd  0x08001370       0x38 build/MCAL/Platform/spl/src/stm32f10x_dma.o
                0x08001370                DMA_Cmd
 .text.DMA_ITConfig
                0x080013a8       0x3a build/MCAL/Platform/spl/src/stm32f10x_dma.o
                0x080013a8                DMA_ITConfig
 *fill*         0x080013e2        0x2 
 .text.DMA_ClearFlag
                0x080013e4       0x34 build/MCAL/Platform/spl/src/stm32f10x_dma.o
                0x080013e4                DMA_ClearFlag
 .text.DMA_GetITStatus
                0x08001418       0x50 build/MCAL/Platform/spl/src/stm32f10x_dma.o
                0x08001418                DMA_GetITStatus
 .text.DMA_ClearITPendingBit
                0x08001468       0x34 build/MCAL/Platform/spl/src/stm32f10x_dma.o
                0x08001468                DMA_ClearITPendingBit
 .text.GPIO_Init
                0x0800149c      0x178 build/MCAL/Platform/spl/src/stm32f10x_gpio.o
                0x0800149c                GPIO_Init
 .text.GPIO_SetBits
                0x08001614       0x1c build/MCAL/Platform/spl/src/stm32f10x_gpio.o
                0x08001614                GPIO_SetBits
 .text.GPIO_ResetBits
                0x08001630       0x1c build/MCAL/Platform/spl/src/stm32f10x_gpio.o
                0x08001630                GPIO_ResetBits
 .text.RCC_ADCCLKConfig
                0x0800164c       0x38 build/MCAL/Platform/spl/src/stm32f10x_rcc.o
                0x0800164c                RCC_ADCCLKConfig
 .text.RCC_AHBPeriphClockCmd
                0x08001684       0x3c build/MCAL/Platform/spl/src/stm32f10x_rcc.o
                0x08001684                RCC_AHBPeriphClockCmd
 .text.RCC_APB2PeriphClockCmd
                0x080016c0       0x3c build/MCAL/Platform/spl/src/stm32f10x_rcc.o
                0x080016c0                RCC_APB2PeriphClockCmd
 .text.RCC_APB1PeriphClockCmd
                0x080016fc       0x3c build/MCAL/Platform/spl/src/stm32f10x_rcc.o
                0x080016fc                RCC_APB1PeriphClockCmd
 .text.TIM_TimeBaseInit
                0x08001738       0xf8 build/MCAL/Platform/spl/src/stm32f10x_tim.o
                0x08001738                TIM_TimeBaseInit
 .text.TIM_OC1Init
                0x08001830      0x118 build/MCAL/Platform/spl/src/stm32f10x_tim.o
                0x08001830                TIM_OC1Init
 .text.TIM_OC2Init
                0x08001948      0x110 build/MCAL/Platform/spl/src/stm32f10x_tim.o
                0x08001948                TIM_OC2Init
 .text.TIM_OC3Init
                0x08001a58      0x10c build/MCAL/Platform/spl/src/stm32f10x_tim.o
                0x08001a58                TIM_OC3Init
 .text.TIM_OC4Init
                0x08001b64       0xd0 build/MCAL/Platform/spl/src/stm32f10x_tim.o
                0x08001b64                TIM_OC4Init
 .text.TIM_Cmd  0x08001c34       0x3e build/MCAL/Platform/spl/src/stm32f10x_tim.o
                0x08001c34                TIM_Cmd
 .text.TIM_CtrlPWMOutputs
                0x08001c72       0x4a build/MCAL/Platform/spl/src/stm32f10x_tim.o
                0x08001c72                TIM_CtrlPWMOutputs
 .text.TIM_ARRPreloadConfig
                0x08001cbc       0x3e build/MCAL/Platform/spl/src/stm32f10x_tim.o
                0x08001cbc                TIM_ARRPreloadConfig
 .text.TIM_OC1PreloadConfig
                0x08001cfa       0x36 build/MCAL/Platform/spl/src/stm32f10x_tim.o
                0x08001cfa                TIM_OC1PreloadConfig
 .text.TIM_OC2PreloadConfig
                0x08001d30       0x3a build/MCAL/Platform/spl/src/stm32f10x_tim.o
                0x08001d30                TIM_OC2PreloadConfig
 .text.TIM_OC3PreloadConfig
                0x08001d6a       0x36 build/MCAL/Platform/spl/src/stm32f10x_tim.o
                0x08001d6a                TIM_OC3PreloadConfig
 .text.TIM_OC4PreloadConfig
                0x08001da0       0x3a build/MCAL/Platform/spl/src/stm32f10x_tim.o
                0x08001da0                TIM_OC4PreloadConfig
 .text.TIM_SetCompare1
                0x08001dda       0x1c build/MCAL/Platform/spl/src/stm32f10x_tim.o
                0x08001dda                TIM_SetCompare1
 .text.TIM_SetCompare2
                0x08001df6       0x1c build/MCAL/Platform/spl/src/stm32f10x_tim.o
                0x08001df6                TIM_SetCompare2
 .text.TIM_SetCompare3
                0x08001e12       0x1c build/MCAL/Platform/spl/src/stm32f10x_tim.o
                0x08001e12                TIM_SetCompare3
 .text.TIM_SetCompare4
                0x08001e2e       0x1e build/MCAL/Platform/spl/src/stm32f10x_tim.o
                0x08001e2e                TIM_SetCompare4
 .text.SystemInit
                0x08001e4c       0x68 build/MCAL/Platform/spl/src/system_stm32f10x.o
                0x08001e4c                SystemInit
 .text.SetSysClock
                0x08001eb4        0xc build/MCAL/Platform/spl/src/system_stm32f10x.o
 .text.SetSysClockTo72
                0x08001ec0      0x100 build/MCAL/Platform/spl/src/system_stm32f10x.o
 .text.Port_ConfigSinglePin
                0x08001fc0      0x218 build/MCAL/Port/Port.o
 .text.Port_Init
                0x080021d8       0x4c build/MCAL/Port/Port.o
                0x080021d8                Port_Init
 .text.Pwm_ConfigOutputCompare
                0x08002224       0xd0 build/MCAL/Pwm/Pwm.o
 .text.Pwm_SetCompareValue
                0x080022f4       0x68 build/MCAL/Pwm/Pwm.o
 .text.Pwm_Init
                0x0800235c      0x1b4 build/MCAL/Pwm/Pwm.o
                0x0800235c                Pwm_Init
 .text.Pwm_SetDutyCycle
                0x08002510      0x160 build/MCAL/Pwm/Pwm.o
                0x08002510                Pwm_SetDutyCycle
 .text.Delay    0x08002670       0x22 build/main.o
                0x08002670                Delay
 .text.main     0x08002692       0x5a build/main.o
                0x08002692                main
 .text.Reset_Handler
                0x080026ec       0x44 build/MCAL/Platform/bsp/startup_stm32f10x_md.o
                0x080026ec                Reset_Handler
 .text.Default_Handler
                0x08002730        0x2 build/MCAL/Platform/bsp/startup_stm32f10x_md.o
                0x08002730                EXTI2_IRQHandler
                0x08002730                DebugMon_Handler
                0x08002730                TIM1_CC_IRQHandler
                0x08002730                HardFault_Handler
                0x08002730                SysTick_Handler
                0x08002730                PVD_IRQHandler
                0x08002730                PendSV_Handler
                0x08002730                NMI_Handler
                0x08002730                EXTI3_IRQHandler
                0x08002730                EXTI0_IRQHandler
                0x08002730                I2C2_EV_IRQHandler
                0x08002730                UsageFault_Handler
                0x08002730                ADC1_2_IRQHandler
                0x08002730                SPI1_IRQHandler
                0x08002730                TAMPER_IRQHandler
                0x08002730                DMA1_Channel4_IRQHandler
                0x08002730                USART3_IRQHandler
                0x08002730                RTC_IRQHandler
                0x08002730                DMA1_Channel7_IRQHandler
                0x08002730                CAN1_RX1_IRQHandler
                0x08002730                TIM4_IRQHandler
                0x08002730                I2C1_EV_IRQHandler
                0x08002730                DMA1_Channel6_IRQHandler
                0x08002730                TIM3_IRQHandler
                0x08002730                RCC_IRQHandler
                0x08002730                TIM1_TRG_COM_IRQHandler
                0x08002730                Default_Handler
                0x08002730                EXTI15_10_IRQHandler
                0x08002730                EXTI9_5_IRQHandler
                0x08002730                SPI2_IRQHandler
                0x08002730                MemManage_Handler
                0x08002730                SVC_Handler
                0x08002730                DMA1_Channel5_IRQHandler
                0x08002730                EXTI4_IRQHandler
                0x08002730                USB_LP_CAN1_RX0_IRQHandler
                0x08002730                USB_HP_CAN1_TX_IRQHandler
                0x08002730                DMA1_Channel3_IRQHandler
                0x08002730                TIM1_UP_IRQHandler
                0x08002730                WWDG_IRQHandler
                0x08002730                TIM2_IRQHandler
                0x08002730                TIM1_BRK_IRQHandler
                0x08002730                EXTI1_IRQHandler
                0x08002730                RTCAlarm_IRQHandler
                0x08002730                USART2_IRQHandler
                0x08002730                I2C2_ER_IRQHandler
                0x08002730                DMA1_Channel2_IRQHandler
                0x08002730                CAN1_SCE_IRQHandler
                0x08002730                FLASH_IRQHandler
                0x08002730                BusFault_Handler
                0x08002730                USART1_IRQHandler
                0x08002730                I2C1_ER_IRQHandler
                0x08002730                USBWakeUp_IRQHandler
 *fill*         0x08002732        0x2 
 .text          0x08002734      0x378 c:/program files (x86)/gnu arm embedded toolchain/10 2021.10/bin/../lib/gcc/arm-none-eabi/10.3.1/thumb/v7-m/nofp\libgcc.a(_arm_addsubdf3.o)
                0x08002734                __aeabi_drsub
                0x0800273c                __aeabi_dsub
                0x0800273c                __subdf3
                0x08002740                __aeabi_dadd
                0x08002740                __adddf3
                0x080029b8                __floatunsidf
                0x080029b8                __aeabi_ui2d
                0x080029d8                __floatsidf
                0x080029d8                __aeabi_i2d
                0x080029fc                __aeabi_f2d
                0x080029fc                __extendsfdf2
                0x08002a40                __floatundidf
                0x08002a40                __aeabi_ul2d
                0x08002a50                __floatdidf
                0x08002a50                __aeabi_l2d
 .text          0x08002aac      0x424 c:/program files (x86)/gnu arm embedded toolchain/10 2021.10/bin/../lib/gcc/arm-none-eabi/10.3.1/thumb/v7-m/nofp\libgcc.a(_arm_muldivdf3.o)
                0x08002aac                __aeabi_dmul
                0x08002aac                __muldf3
                0x08002d00                __divdf3
                0x08002d00                __aeabi_ddiv
 .text          0x08002ed0       0x40 c:/program files (x86)/gnu arm embedded toolchain/10 2021.10/bin/../lib/gcc/arm-none-eabi/10.3.1/thumb/v7-m/nofp\libgcc.a(_arm_fixunsdfsi.o)
                0x08002ed0                __aeabi_d2uiz
                0x08002ed0                __fixunsdfsi
 *(.rodata*)
 .rodata.groupConfigPtr
                0x08002f10       0x38 build/Config/Adc_Config.o
                0x08002f10                groupConfigPtr
 .rodata.AdcDriverConfig
                0x08002f48        0x8 build/Config/Adc_Config.o
                0x08002f48                AdcDriverConfig
 .rodata.Port_ConfigPins
                0x08002f50       0x1b build/Config/Port_Config.o
                0x08002f50                Port_ConfigPins
 *fill*         0x08002f6b        0x1 
 .rodata.Port_Config
                0x08002f6c        0x8 build/Config/Port_Config.o
                0x08002f6c                Port_Config
 .rodata.PwmChannelConfig
                0x08002f74       0x14 build/Config/Pwm_Config.o
                0x08002f74                PwmChannelConfig
 .rodata.Pwm_Config
                0x08002f88        0x8 build/Config/Pwm_Config.o
                0x08002f88                Pwm_Config
 *(.glue_7)
 .glue_7        0x08002f90        0x0 linker stubs
 *(.glue_7t)
 .glue_7t       0x08002f90        0x0 linker stubs

.vfp11_veneer   0x08002f90        0x0
 .vfp11_veneer  0x08002f90        0x0 linker stubs

.v4_bx          0x08002f90        0x0
 .v4_bx         0x08002f90        0x0 linker stubs

.iplt           0x08002f90        0x0
 .iplt          0x08002f90        0x0 build/Config/Adc_Config.o

.rel.dyn        0x08002f90        0x0
 .rel.iplt      0x08002f90        0x0 build/Config/Adc_Config.o
                0x08002f90                . = ALIGN (0x4)

.ARM.extab
 *(.ARM.extab* .gnu.linkonce.armextab.*)
                0x08002f90                . = ALIGN (0x4)
                0x08002f90                __exidx_start = .

.ARM.exidx
 *(.ARM.exidx* .gnu.linkonce.armexidx.*)
                0x08002f90                __exidx_end = .
                0x08002f90                . = ALIGN (0x4)
                0x08002f90                _etext = .

.data           0x20000000        0x0 load address 0x08002f90
                0x20000000                . = ALIGN (0x4)
                0x20000000                _sdata = .
 *(.data*)
 *(.data.*)
                0x20000000                . = ALIGN (0x4)
                0x20000000                _edata = .
                0x08002f90                _sidata = LOADADDR (.data)

.igot.plt       0x20000000        0x0
 .igot.plt      0x20000000        0x0 build/Config/Adc_Config.o

.bss            0x20000000       0x6c
                0x20000000                . = ALIGN (0x4)
                0x20000000                _sbss = .
 *(.bss*)
 .bss.Adc_CurrentConfigPtr
                0x20000000        0x4 build/MCAL/Adc/Adc.o
 .bss.Adc_RuntimeData
                0x20000004       0x54 build/MCAL/Adc/Adc.o
 .bss.checkInit
                0x20000058        0x1 build/MCAL/Adc/Adc.o
 .bss.initStatus
                0x20000059        0x1 build/MCAL/Port/Port.o
 *fill*         0x2000005a        0x2 
 .bss.Pwm_CurrentConfigPtr
                0x2000005c        0x4 build/MCAL/Pwm/Pwm.o
 .bss.Pwm_InitStatus
                0x20000060        0x1 build/MCAL/Pwm/Pwm.o
 *fill*         0x20000061        0x3 
 .bss.Pwm_CurrentDuty
                0x20000064        0x2 build/MCAL/Pwm/Pwm.o
 *fill*         0x20000066        0x2 
 .bss.Pwm_ChannelIsIdle
                0x20000068        0x1 build/MCAL/Pwm/Pwm.o
 .bss.Pwm_CurrentPowerState
                0x20000069        0x1 build/MCAL/Pwm/Pwm.o
 .bss.Pwm_TargetPowerState
                0x2000006a        0x1 build/MCAL/Pwm/Pwm.o
 .bss.Pwm_PowerStatePrepared
                0x2000006b        0x1 build/MCAL/Pwm/Pwm.o
 *(COMMON)
                0x2000006c                . = ALIGN (0x4)
                0x2000006c                _ebss = .

/DISCARD/
 *(.note*)
 *(.comment*)
OUTPUT(build/FIRMWARE.elf elf32-littlearm)
LOAD linker stubs

.ARM.attributes
                0x00000000       0x2b
 .ARM.attributes
                0x00000000       0x2d build/Config/Adc_Config.o
 .ARM.attributes
                0x0000002d       0x2d build/Config/Port_Config.o
 .ARM.attributes
                0x0000005a       0x2d build/Config/Pwm_Config.o
 .ARM.attributes
                0x00000087       0x2d build/IoHwAb/IoHwAb.o
 .ARM.attributes
                0x000000b4       0x2d build/MCAL/Adc/Adc.o
 .ARM.attributes
                0x000000e1       0x2d build/MCAL/Dio/Dio.o
 .ARM.attributes
                0x0000010e       0x2d build/MCAL/Platform/spl/src/misc.o
 .ARM.attributes
                0x0000013b       0x2d build/MCAL/Platform/spl/src/stm32f10x_adc.o
 .ARM.attributes
                0x00000168       0x2d build/MCAL/Platform/spl/src/stm32f10x_dma.o
 .ARM.attributes
                0x00000195       0x2d build/MCAL/Platform/spl/src/stm32f10x_gpio.o
 .ARM.attributes
                0x000001c2       0x2d build/MCAL/Platform/spl/src/stm32f10x_rcc.o
 .ARM.attributes
                0x000001ef       0x2d build/MCAL/Platform/spl/src/stm32f10x_tim.o
 .ARM.attributes
                0x0000021c       0x2d build/MCAL/Platform/spl/src/system_stm32f10x.o
 .ARM.attributes
                0x00000249       0x2d build/MCAL/Port/Port.o
 .ARM.attributes
                0x00000276       0x2d build/MCAL/Pwm/Pwm.o
 .ARM.attributes
                0x000002a3       0x2d build/main.o
 .ARM.attributes
                0x000002d0       0x21 build/MCAL/Platform/bsp/startup_stm32f10x_md.o
 .ARM.attributes
                0x000002f1       0x1d c:/program files (x86)/gnu arm embedded toolchain/10 2021.10/bin/../lib/gcc/arm-none-eabi/10.3.1/thumb/v7-m/nofp\libgcc.a(_arm_addsubdf3.o)
 .ARM.attributes
                0x0000030e       0x1d c:/program files (x86)/gnu arm embedded toolchain/10 2021.10/bin/../lib/gcc/arm-none-eabi/10.3.1/thumb/v7-m/nofp\libgcc.a(_arm_muldivdf3.o)
 .ARM.attributes
                0x0000032b       0x1d c:/program files (x86)/gnu arm embedded toolchain/10 2021.10/bin/../lib/gcc/arm-none-eabi/10.3.1/thumb/v7-m/nofp\libgcc.a(_arm_fixunsdfsi.o)

.debug_info     0x00000000     0x805b
 .debug_info    0x00000000      0x439 build/Config/Adc_Config.o
 .debug_info    0x00000439      0x216 build/Config/Port_Config.o
 .debug_info    0x0000064f      0x25e build/Config/Pwm_Config.o
 .debug_info    0x000008ad      0x66c build/IoHwAb/IoHwAb.o
 .debug_info    0x00000f19     0x11bc build/MCAL/Adc/Adc.o
 .debug_info    0x000020d5      0x434 build/MCAL/Dio/Dio.o
 .debug_info    0x00002509      0x548 build/MCAL/Platform/spl/src/misc.o
 .debug_info    0x00002a51      0xbda build/MCAL/Platform/spl/src/stm32f10x_adc.o
 .debug_info    0x0000362b      0x47b build/MCAL/Platform/spl/src/stm32f10x_dma.o
 .debug_info    0x00003aa6      0x70e build/MCAL/Platform/spl/src/stm32f10x_gpio.o
 .debug_info    0x000041b4      0x8d3 build/MCAL/Platform/spl/src/stm32f10x_rcc.o
 .debug_info    0x00004a87     0x1dc8 build/MCAL/Platform/spl/src/stm32f10x_tim.o
 .debug_info    0x0000684f      0x496 build/MCAL/Platform/spl/src/system_stm32f10x.o
 .debug_info    0x00006ce5      0x4eb build/MCAL/Port/Port.o
 .debug_info    0x000071d0      0xd9f build/MCAL/Pwm/Pwm.o
 .debug_info    0x00007f6f       0xec build/main.o

.debug_abbrev   0x00000000     0x1833
 .debug_abbrev  0x00000000      0x12e build/Config/Adc_Config.o
 .debug_abbrev  0x0000012e       0xce build/Config/Port_Config.o
 .debug_abbrev  0x000001fc       0xbf build/Config/Pwm_Config.o
 .debug_abbrev  0x000002bb      0x121 build/IoHwAb/IoHwAb.o
 .debug_abbrev  0x000003dc      0x29a build/MCAL/Adc/Adc.o
 .debug_abbrev  0x00000676      0x174 build/MCAL/Dio/Dio.o
 .debug_abbrev  0x000007ea      0x173 build/MCAL/Platform/spl/src/misc.o
 .debug_abbrev  0x0000095d      0x1b2 build/MCAL/Platform/spl/src/stm32f10x_adc.o
 .debug_abbrev  0x00000b0f      0x185 build/MCAL/Platform/spl/src/stm32f10x_dma.o
 .debug_abbrev  0x00000c94      0x1ec build/MCAL/Platform/spl/src/stm32f10x_gpio.o
 .debug_abbrev  0x00000e80      0x1d6 build/MCAL/Platform/spl/src/stm32f10x_rcc.o
 .debug_abbrev  0x00001056      0x1cc build/MCAL/Platform/spl/src/stm32f10x_tim.o
 .debug_abbrev  0x00001222      0x180 build/MCAL/Platform/spl/src/system_stm32f10x.o
 .debug_abbrev  0x000013a2      0x1d5 build/MCAL/Port/Port.o
 .debug_abbrev  0x00001577      0x226 build/MCAL/Pwm/Pwm.o
 .debug_abbrev  0x0000179d       0x96 build/main.o

.debug_aranges  0x00000000      0x978
 .debug_aranges
                0x00000000       0x20 build/Config/Adc_Config.o
 .debug_aranges
                0x00000020       0x18 build/Config/Port_Config.o
 .debug_aranges
                0x00000038       0x18 build/Config/Pwm_Config.o
 .debug_aranges
                0x00000050       0x38 build/IoHwAb/IoHwAb.o
 .debug_aranges
                0x00000088       0xc0 build/MCAL/Adc/Adc.o
 .debug_aranges
                0x00000148       0x58 build/MCAL/Dio/Dio.o
 .debug_aranges
                0x000001a0       0x40 build/MCAL/Platform/spl/src/misc.o
 .debug_aranges
                0x000001e0      0x138 build/MCAL/Platform/spl/src/stm32f10x_adc.o
 .debug_aranges
                0x00000318       0x70 build/MCAL/Platform/spl/src/stm32f10x_dma.o
 .debug_aranges
                0x00000388       0xa8 build/MCAL/Platform/spl/src/stm32f10x_gpio.o
 .debug_aranges
                0x00000430      0x118 build/MCAL/Platform/spl/src/stm32f10x_rcc.o
 .debug_aranges
                0x00000548      0x2f0 build/MCAL/Platform/spl/src/stm32f10x_tim.o
 .debug_aranges
                0x00000838       0x38 build/MCAL/Platform/spl/src/system_stm32f10x.o
 .debug_aranges
                0x00000870       0x48 build/MCAL/Port/Port.o
 .debug_aranges
                0x000008b8       0x98 build/MCAL/Pwm/Pwm.o
 .debug_aranges
                0x00000950       0x28 build/main.o

.debug_ranges   0x00000000      0x898
 .debug_ranges  0x00000000       0x10 build/Config/Adc_Config.o
 .debug_ranges  0x00000010       0x28 build/IoHwAb/IoHwAb.o
 .debug_ranges  0x00000038       0xe0 build/MCAL/Adc/Adc.o
 .debug_ranges  0x00000118       0x48 build/MCAL/Dio/Dio.o
 .debug_ranges  0x00000160       0x30 build/MCAL/Platform/spl/src/misc.o
 .debug_ranges  0x00000190      0x128 build/MCAL/Platform/spl/src/stm32f10x_adc.o
 .debug_ranges  0x000002b8       0x60 build/MCAL/Platform/spl/src/stm32f10x_dma.o
 .debug_ranges  0x00000318       0x98 build/MCAL/Platform/spl/src/stm32f10x_gpio.o
 .debug_ranges  0x000003b0      0x108 build/MCAL/Platform/spl/src/stm32f10x_rcc.o
 .debug_ranges  0x000004b8      0x2e0 build/MCAL/Platform/spl/src/stm32f10x_tim.o
 .debug_ranges  0x00000798       0x28 build/MCAL/Platform/spl/src/system_stm32f10x.o
 .debug_ranges  0x000007c0       0x38 build/MCAL/Port/Port.o
 .debug_ranges  0x000007f8       0x88 build/MCAL/Pwm/Pwm.o
 .debug_ranges  0x00000880       0x18 build/main.o

.debug_macro    0x00000000     0xd64a
 .debug_macro   0x00000000       0xe9 build/Config/Adc_Config.o
 .debug_macro   0x000000e9      0xa78 build/Config/Adc_Config.o
 .debug_macro   0x00000b61       0x16 build/Config/Adc_Config.o
 .debug_macro   0x00000b77       0x3a build/Config/Adc_Config.o
 .debug_macro   0x00000bb1       0x57 build/Config/Adc_Config.o
 .debug_macro   0x00000c08      0x34e build/Config/Adc_Config.o
 .debug_macro   0x00000f56       0x1c build/Config/Adc_Config.o
 .debug_macro   0x00000f72       0x22 build/Config/Adc_Config.o
 .debug_macro   0x00000f94       0xbd build/Config/Adc_Config.o
 .debug_macro   0x00001051      0xd00 build/Config/Adc_Config.o
 .debug_macro   0x00001d51     0x7eb3 build/Config/Adc_Config.o
 .debug_macro   0x00009c04      0x2a6 build/Config/Adc_Config.o
 .debug_macro   0x00009eaa      0x3e2 build/Config/Adc_Config.o
 .debug_macro   0x0000a28c       0x35 build/Config/Adc_Config.o
 .debug_macro   0x0000a2c1      0x2df build/Config/Adc_Config.o
 .debug_macro   0x0000a5a0      0x3ad build/Config/Adc_Config.o
 .debug_macro   0x0000a94d       0x58 build/Config/Adc_Config.o
 .debug_macro   0x0000a9a5       0xd5 build/Config/Port_Config.o
 .debug_macro   0x0000aa7a       0x8e build/Config/Port_Config.o
 .debug_macro   0x0000ab08       0xe0 build/Config/Pwm_Config.o
 .debug_macro   0x0000abe8      0x70b build/Config/Pwm_Config.o
 .debug_macro   0x0000b2f3       0x64 build/Config/Pwm_Config.o
 .debug_macro   0x0000b357      0x14d build/IoHwAb/IoHwAb.o
 .debug_macro   0x0000b4a4      0x1ba build/IoHwAb/IoHwAb.o
 .debug_macro   0x0000b65e      0x2e5 build/IoHwAb/IoHwAb.o
 .debug_macro   0x0000b943      0x711 build/IoHwAb/IoHwAb.o
 .debug_macro   0x0000c054      0x10a build/MCAL/Adc/Adc.o
 .debug_macro   0x0000c15e       0x8b build/MCAL/Adc/Adc.o
 .debug_macro   0x0000c1e9       0xd5 build/MCAL/Dio/Dio.o
 .debug_macro   0x0000c2be      0x1b4 build/MCAL/Dio/Dio.o
 .debug_macro   0x0000c472       0xb5 build/MCAL/Platform/spl/src/misc.o
 .debug_macro   0x0000c527       0x85 build/MCAL/Platform/spl/src/misc.o
 .debug_macro   0x0000c5ac      0x1af build/MCAL/Platform/spl/src/stm32f10x_adc.o
 .debug_macro   0x0000c75b      0x107 build/MCAL/Platform/spl/src/stm32f10x_dma.o
 .debug_macro   0x0000c862      0x3a7 build/MCAL/Platform/spl/src/stm32f10x_dma.o
 .debug_macro   0x0000cc09       0xfc build/MCAL/Platform/spl/src/stm32f10x_gpio.o
 .debug_macro   0x0000cd05      0x3dc build/MCAL/Platform/spl/src/stm32f10x_gpio.o
 .debug_macro   0x0000d0e1      0x1c6 build/MCAL/Platform/spl/src/stm32f10x_rcc.o
 .debug_macro   0x0000d2a7       0xcb build/MCAL/Platform/spl/src/stm32f10x_tim.o
 .debug_macro   0x0000d372       0xac build/MCAL/Platform/spl/src/system_stm32f10x.o
 .debug_macro   0x0000d41e       0xd9 build/MCAL/Port/Port.o
 .debug_macro   0x0000d4f7       0xee build/MCAL/Pwm/Pwm.o
 .debug_macro   0x0000d5e5       0x65 build/main.o

.debug_line     0x00000000     0x6117
 .debug_line    0x00000000      0x217 build/Config/Adc_Config.o
 .debug_line    0x00000217      0x1d8 build/Config/Port_Config.o
 .debug_line    0x000003ef      0x1e7 build/Config/Pwm_Config.o
 .debug_line    0x000005d6      0x336 build/IoHwAb/IoHwAb.o
 .debug_line    0x0000090c     0x1306 build/MCAL/Adc/Adc.o
 .debug_line    0x00001c12      0x431 build/MCAL/Dio/Dio.o
 .debug_line    0x00002043      0x2a0 build/MCAL/Platform/spl/src/misc.o
 .debug_line    0x000022e3      0x81e build/MCAL/Platform/spl/src/stm32f10x_adc.o
 .debug_line    0x00002b01      0x43c build/MCAL/Platform/spl/src/stm32f10x_dma.o
 .debug_line    0x00002f3d      0x57e build/MCAL/Platform/spl/src/stm32f10x_gpio.o
 .debug_line    0x000034bb      0x71a build/MCAL/Platform/spl/src/stm32f10x_rcc.o
 .debug_line    0x00003bd5     0x119f build/MCAL/Platform/spl/src/stm32f10x_tim.o
 .debug_line    0x00004d74      0x325 build/MCAL/Platform/spl/src/system_stm32f10x.o
 .debug_line    0x00005099      0x4c7 build/MCAL/Port/Port.o
 .debug_line    0x00005560      0xa9a build/MCAL/Pwm/Pwm.o
 .debug_line    0x00005ffa      0x11d build/main.o

.debug_str      0x00000000    0x46ebc
 .debug_str     0x00000000    0x3cb95 build/Config/Adc_Config.o
                              0x3ccf8 (size before relaxing)
 .debug_str     0x0003cb95      0x3c7 build/Config/Port_Config.o
                              0x38767 (size before relaxing)
 .debug_str     0x0003cf5c     0x4c8c build/Config/Pwm_Config.o
                              0x3d035 (size before relaxing)
 .debug_str     0x00041be8      0xdf0 build/IoHwAb/IoHwAb.o
                              0x42967 (size before relaxing)
 .debug_str     0x000429d8      0xf90 build/MCAL/Adc/Adc.o
                              0x3dbd8 (size before relaxing)
 .debug_str     0x00043968      0x14d build/MCAL/Dio/Dio.o
                              0x392b9 (size before relaxing)
 .debug_str     0x00043ab5      0x17d build/MCAL/Platform/spl/src/misc.o
                              0x389ca (size before relaxing)
 .debug_str     0x00043c32      0xa9d build/MCAL/Platform/spl/src/stm32f10x_adc.o
                              0x3aeab (size before relaxing)
 .debug_str     0x000446cf      0x5f7 build/MCAL/Platform/spl/src/stm32f10x_dma.o
                              0x3ac51 (size before relaxing)
 .debug_str     0x00044cc6      0x547 build/MCAL/Platform/spl/src/stm32f10x_gpio.o
                              0x38898 (size before relaxing)
 .debug_str     0x0004520d      0xb57 build/MCAL/Platform/spl/src/stm32f10x_rcc.o
                              0x38e7e (size before relaxing)
 .debug_str     0x00045d64      0xc13 build/MCAL/Platform/spl/src/stm32f10x_tim.o
                              0x3d807 (size before relaxing)
 .debug_str     0x00046977       0xc9 build/MCAL/Platform/spl/src/system_stm32f10x.o
                              0x3845d (size before relaxing)
 .debug_str     0x00046a40       0xc8 build/MCAL/Port/Port.o
                              0x389a8 (size before relaxing)
 .debug_str     0x00046b08      0x393 build/MCAL/Pwm/Pwm.o
                              0x3d684 (size before relaxing)
 .debug_str     0x00046e9b       0x21 build/main.o
                               0x2e93 (size before relaxing)

.debug_frame    0x00000000     0x28c4
 .debug_frame   0x00000000       0x2c build/Config/Adc_Config.o
 .debug_frame   0x0000002c       0x98 build/IoHwAb/IoHwAb.o
 .debug_frame   0x000000c4      0x334 build/MCAL/Adc/Adc.o
 .debug_frame   0x000003f8      0x134 build/MCAL/Dio/Dio.o
 .debug_frame   0x0000052c       0xd8 build/MCAL/Platform/spl/src/misc.o
 .debug_frame   0x00000604      0x5a4 build/MCAL/Platform/spl/src/stm32f10x_adc.o
 .debug_frame   0x00000ba8      0x1c8 build/MCAL/Platform/spl/src/stm32f10x_dma.o
 .debug_frame   0x00000d70      0x2d0 build/MCAL/Platform/spl/src/stm32f10x_gpio.o
 .debug_frame   0x00001040      0x4f4 build/MCAL/Platform/spl/src/stm32f10x_rcc.o
 .debug_frame   0x00001534      0xe2c build/MCAL/Platform/spl/src/stm32f10x_tim.o
 .debug_frame   0x00002360       0x98 build/MCAL/Platform/spl/src/system_stm32f10x.o
 .debug_frame   0x000023f8       0xec build/MCAL/Port/Port.o
 .debug_frame   0x000024e4      0x268 build/MCAL/Pwm/Pwm.o
 .debug_frame   0x0000274c       0x58 build/main.o
 .debug_frame   0x000027a4       0xac c:/program files (x86)/gnu arm embedded toolchain/10 2021.10/bin/../lib/gcc/arm-none-eabi/10.3.1/thumb/v7-m/nofp\libgcc.a(_arm_addsubdf3.o)
 .debug_frame   0x00002850       0x50 c:/program files (x86)/gnu arm embedded toolchain/10 2021.10/bin/../lib/gcc/arm-none-eabi/10.3.1/thumb/v7-m/nofp\libgcc.a(_arm_muldivdf3.o)
 .debug_frame   0x000028a0       0x24 c:/program files (x86)/gnu arm embedded toolchain/10 2021.10/bin/../lib/gcc/arm-none-eabi/10.3.1/thumb/v7-m/nofp\libgcc.a(_arm_fixunsdfsi.o)
